Archive member included because of file (symbol)

c:/coocox/gccarmnoneeabi4_9/bin/../lib/gcc/arm-none-eabi/4.9.3/../../../../arm-none-eabi/lib/armv6-m\libc.a(lib_a-exit.o)
                              c:/coocox/gccarmnoneeabi4_9/bin/../lib/gcc/arm-none-eabi/4.9.3/../../../../arm-none-eabi/lib/armv6-m/crt0.o (exit)
c:/coocox/gccarmnoneeabi4_9/bin/../lib/gcc/arm-none-eabi/4.9.3/../../../../arm-none-eabi/lib/armv6-m\libc.a(lib_a-impure.o)
                              c:/coocox/gccarmnoneeabi4_9/bin/../lib/gcc/arm-none-eabi/4.9.3/../../../../arm-none-eabi/lib/armv6-m\libc.a(lib_a-exit.o) (_global_impure_ptr)
c:/coocox/gccarmnoneeabi4_9/bin/../lib/gcc/arm-none-eabi/4.9.3/../../../../arm-none-eabi/lib/armv6-m\libc.a(lib_a-init.o)
                              c:/coocox/gccarmnoneeabi4_9/bin/../lib/gcc/arm-none-eabi/4.9.3/../../../../arm-none-eabi/lib/armv6-m/crt0.o (__libc_init_array)
c:/coocox/gccarmnoneeabi4_9/bin/../lib/gcc/arm-none-eabi/4.9.3/../../../../arm-none-eabi/lib/armv6-m\libc.a(lib_a-memset.o)
                              c:/coocox/gccarmnoneeabi4_9/bin/../lib/gcc/arm-none-eabi/4.9.3/../../../../arm-none-eabi/lib/armv6-m/crt0.o (memset)
c:/coocox/gccarmnoneeabi4_9/bin/../lib/gcc/arm-none-eabi/4.9.3/../../../../arm-none-eabi/lib/armv6-m\libc.a(lib_a-__call_atexit.o)
                              c:/coocox/gccarmnoneeabi4_9/bin/../lib/gcc/arm-none-eabi/4.9.3/../../../../arm-none-eabi/lib/armv6-m\libc.a(lib_a-exit.o) (__call_exitprocs)
c:/coocox/gccarmnoneeabi4_9/bin/../lib/gcc/arm-none-eabi/4.9.3/../../../../arm-none-eabi/lib/armv6-m\libc.a(lib_a-atexit.o)
                              c:/coocox/gccarmnoneeabi4_9/bin/../lib/gcc/arm-none-eabi/4.9.3/../../../../arm-none-eabi/lib/armv6-m\libc.a(lib_a-__call_atexit.o) (atexit)
c:/coocox/gccarmnoneeabi4_9/bin/../lib/gcc/arm-none-eabi/4.9.3/../../../../arm-none-eabi/lib/armv6-m\libc.a(lib_a-fini.o)
                              c:/coocox/gccarmnoneeabi4_9/bin/../lib/gcc/arm-none-eabi/4.9.3/../../../../arm-none-eabi/lib/armv6-m\libc.a(lib_a-__call_atexit.o) (__libc_fini_array)
c:/coocox/gccarmnoneeabi4_9/bin/../lib/gcc/arm-none-eabi/4.9.3/../../../../arm-none-eabi/lib/armv6-m\libc.a(lib_a-__atexit.o)
                              c:/coocox/gccarmnoneeabi4_9/bin/../lib/gcc/arm-none-eabi/4.9.3/../../../../arm-none-eabi/lib/armv6-m\libc.a(lib_a-atexit.o) (__register_exitproc)
c:/coocox/gccarmnoneeabi4_9/bin/../lib/gcc/arm-none-eabi/4.9.3/armv6-m\libgcc.a(_thumb1_case_uqi.o)
                              ..\obj\stm32f0xx_hal_uart.o (__gnu_thumb1_case_uqi)
c:/coocox/gccarmnoneeabi4_9/bin/../lib/gcc/arm-none-eabi/4.9.3/armv6-m\libgcc.a(_udivsi3.o)
                              ..\obj\stm32f0xx_hal.o (__aeabi_uidiv)
c:/coocox/gccarmnoneeabi4_9/bin/../lib/gcc/arm-none-eabi/4.9.3/armv6-m\libgcc.a(_divsi3.o)
                              ..\obj\HD44780LIB.o (__aeabi_idiv)
c:/coocox/gccarmnoneeabi4_9/bin/../lib/gcc/arm-none-eabi/4.9.3/armv6-m\libgcc.a(_dvmd_tls.o)
                              c:/coocox/gccarmnoneeabi4_9/bin/../lib/gcc/arm-none-eabi/4.9.3/armv6-m\libgcc.a(_udivsi3.o) (__aeabi_idiv0)
c:/coocox/gccarmnoneeabi4_9/bin/../lib/gcc/arm-none-eabi/4.9.3/armv6-m\libgcc.a(_lshrdi3.o)
                              ..\obj\stm32f0xx_hal_flash.o (__aeabi_llsr)
c:/coocox/gccarmnoneeabi4_9/bin/../lib/gcc/arm-none-eabi/4.9.3/armv6-m\libgcc.a(_arm_cmpsf2.o)
                              ..\obj\HD44780LIB.o (__aeabi_fcmplt)
c:/coocox/gccarmnoneeabi4_9/bin/../lib/gcc/arm-none-eabi/4.9.3/armv6-m\libgcc.a(eqsf2.o)
                              c:/coocox/gccarmnoneeabi4_9/bin/../lib/gcc/arm-none-eabi/4.9.3/armv6-m\libgcc.a(_arm_cmpsf2.o) (__eqsf2)
c:/coocox/gccarmnoneeabi4_9/bin/../lib/gcc/arm-none-eabi/4.9.3/armv6-m\libgcc.a(gesf2.o)
                              c:/coocox/gccarmnoneeabi4_9/bin/../lib/gcc/arm-none-eabi/4.9.3/armv6-m\libgcc.a(_arm_cmpsf2.o) (__gesf2)
c:/coocox/gccarmnoneeabi4_9/bin/../lib/gcc/arm-none-eabi/4.9.3/armv6-m\libgcc.a(lesf2.o)
                              c:/coocox/gccarmnoneeabi4_9/bin/../lib/gcc/arm-none-eabi/4.9.3/armv6-m\libgcc.a(_arm_cmpsf2.o) (__lesf2)
c:/coocox/gccarmnoneeabi4_9/bin/../lib/gcc/arm-none-eabi/4.9.3/armv6-m\libgcc.a(mulsf3.o)
                              ..\obj\main.o (__aeabi_fmul)
c:/coocox/gccarmnoneeabi4_9/bin/../lib/gcc/arm-none-eabi/4.9.3/armv6-m\libgcc.a(subsf3.o)
                              ..\obj\main.o (__aeabi_fsub)
c:/coocox/gccarmnoneeabi4_9/bin/../lib/gcc/arm-none-eabi/4.9.3/armv6-m\libgcc.a(fixsfsi.o)
                              ..\obj\main.o (__aeabi_f2iz)
c:/coocox/gccarmnoneeabi4_9/bin/../lib/gcc/arm-none-eabi/4.9.3/armv6-m\libgcc.a(floatsisf.o)
                              ..\obj\main.o (__aeabi_i2f)
c:/coocox/gccarmnoneeabi4_9/bin/../lib/gcc/arm-none-eabi/4.9.3/armv6-m\libgcc.a(floatunsisf.o)
                              ..\obj\HD44780LIB.o (__aeabi_ui2f)
c:/coocox/gccarmnoneeabi4_9/bin/../lib/gcc/arm-none-eabi/4.9.3/armv6-m\libgcc.a(muldf3.o)
[...]
Memory Configuration

Name             Origin             Length             Attributes
FLASH            0x08000000         0x00010000         xr
RAM              0x20000000         0x00002000         xrw
*default*        0x00000000         0xffffffff

Linker script and memory map

LOAD c:/coocox/gccarmnoneeabi4_9/bin/../lib/gcc/arm-none-eabi/4.9.3/armv6-m/crti.o
LOAD c:/coocox/gccarmnoneeabi4_9/bin/../lib/gcc/arm-none-eabi/4.9.3/armv6-m/crtbegin.o
LOAD c:/coocox/gccarmnoneeabi4_9/bin/../lib/gcc/arm-none-eabi/4.9.3/../../../../arm-none-eabi/lib/armv6-m/crt0.o
                0x20001fff                _estack = 0x20001fff
                0x00000200                _Min_Heap_Size = 0x200
                0x00000400                _Min_Stack_Size = 0x400

.isr_vector     0x08000000       0xc0
                0x08000000                . = ALIGN (0x4)
 *(.isr_vector)
 .isr_vector    0x08000000       0xc0 ..\obj\startup_stm32f030x8.o
                0x08000000                g_pfnVectors
                0x080000c0                . = ALIGN (0x4)

.text           0x080000c0     0x2960
                0x080000c0                . = ALIGN (0x4)
 *(.text)
 .text          0x080000c0       0x60 c:/coocox/gccarmnoneeabi4_9/bin/../lib/gcc/arm-none-eabi/4.9.3/armv6-m/crtbegin.o
 .text          0x08000120       0x14 c:/coocox/gccarmnoneeabi4_9/bin/../lib/gcc/arm-none-eabi/4.9.3/armv6-m\libgcc.a(_thumb1_case_uqi.o)
                0x08000120                __gnu_thumb1_case_uqi
 .text          0x08000134      0x120 c:/coocox/gccarmnoneeabi4_9/bin/../lib/gcc/arm-none-eabi/4.9.3/armv6-m\libgcc.a(_udivsi3.o)
                0x08000134                __aeabi_uidiv
                0x08000134                __udivsi3
                0x08000240                __aeabi_uidivmod
 .text          0x08000254        0x4 c:/coocox/gccarmnoneeabi4_9/bin/../lib/gcc/arm-none-eabi/4.9.3/armv6-m\libgcc.a(_dvmd_tls.o)
                0x08000254                __aeabi_idiv0
                0x08000254                __aeabi_ldiv0
 .text          0x08000258      0x264 c:/coocox/gccarmnoneeabi4_9/bin/../lib/gcc/arm-none-eabi/4.9.3/armv6-m\libgcc.a(mulsf3.o)
                0x08000258                __aeabi_fmul
 .text          0x080004bc      0x2fc c:/coocox/gccarmnoneeabi4_9/bin/../lib/gcc/arm-none-eabi/4.9.3/armv6-m\libgcc.a(subsf3.o)
                0x080004bc                __aeabi_fsub
 .text          0x080007b8       0x40 c:/coocox/gccarmnoneeabi4_9/bin/../lib/gcc/arm-none-eabi/4.9.3/armv6-m\libgcc.a(fixsfsi.o)
                0x080007b8                __aeabi_f2iz
 .text          0x080007f8       0x90 c:/coocox/gccarmnoneeabi4_9/bin/../lib/gcc/arm-none-eabi/4.9.3/armv6-m\libgcc.a(floatsisf.o)
                0x080007f8                __aeabi_i2f
 .text          0x08000888      0x534 c:/coocox/gccarmnoneeabi4_9/bin/../lib/gcc/arm-none-eabi/4.9.3/armv6-m\libgcc.a(muldf3.o)
                0x08000888                __aeabi_dmul
 .text          0x08000dbc       0x64 c:/coocox/gccarmnoneeabi4_9/bin/../lib/gcc/arm-none-eabi/4.9.3/armv6-m\libgcc.a(floatunsidf.o)
                0x08000dbc                __aeabi_ui2d
 .text          0x08000e20      0x120 c:/coocox/gccarmnoneeabi4_9/bin/../lib/gcc/arm-none-eabi/4.9.3/armv6-m\libgcc.a(truncdfsf2.o)
                0x08000e20                __aeabi_d2f
 .text          0x08000f40       0x3c c:/coocox/gccarmnoneeabi4_9/bin/../lib/gcc/arm-none-eabi/4.9.3/armv6-m\libgcc.a(_clzsi2.o)
                0x08000f40                __clzsi2
 *(.text*)
 .text.__libc_init_array
                0x08000f7c       0x48 c:/coocox/gccarmnoneeabi4_9/bin/../lib/gcc/arm-none-eabi/4.9.3/../../../../arm-none-eabi/lib/armv6-m\libc.a(lib_a-init.o)
                0x08000f7c                __libc_init_array
 .text.startup.register_fini
                0x08000fc4       0x18 c:/coocox/gccarmnoneeabi4_9/bin/../lib/gcc/arm-none-eabi/4.9.3/../../../../arm-none-eabi/lib/armv6-m\libc.a(lib_a-__call_atexit.o)
 .text.atexit   0x08000fdc       0x10 c:/coocox/gccarmnoneeabi4_9/bin/../lib/gcc/arm-none-eabi/4.9.3/../../../../arm-none-eabi/lib/armv6-m\libc.a(lib_a-atexit.o)
                0x08000fdc                atexit
 .text.__libc_fini_array
                0x08000fec       0x34 c:/coocox/gccarmnoneeabi4_9/bin/../lib/gcc/arm-none-eabi/4.9.3/../../../../arm-none-eabi/lib/armv6-m\libc.a(lib_a-fini.o)
                0x08000fec                __libc_fini_array
 .text.__register_exitproc
                0x08001020       0xd4 c:/coocox/gccarmnoneeabi4_9/bin/../lib/gcc/arm-none-eabi/4.9.3/../../../../arm-none-eabi/lib/armv6-m\libc.a(lib_a-__atexit.o)
                0x08001020                __register_exitproc
 .text.HAL_RCC_GetHCLKFreq
                0x080010f4       0x28 ..\obj\stm32f0xx_hal_rcc.o
                0x080010f4                HAL_RCC_GetHCLKFreq
 .text.HAL_RCC_GetPCLK1Freq
                0x0800111c       0x20 ..\obj\stm32f0xx_hal_rcc.o
                0x0800111c                HAL_RCC_GetPCLK1Freq
 .text.HAL_InitTick
                0x0800113c       0x24 ..\obj\stm32f0xx_hal.o
                0x0800113c                HAL_InitTick
 .text.HAL_Init
                0x08001160       0x20 ..\obj\stm32f0xx_hal.o
                0x08001160                HAL_Init
 .text.HAL_IncTick
                0x08001180       0x10 ..\obj\stm32f0xx_hal.o
                0x08001180                HAL_IncTick
 .text.HAL_GetTick
                0x08001190        0xc ..\obj\stm32f0xx_hal.o
                0x08001190                HAL_GetTick
 .text.HAL_Delay
                0x0800119c       0x18 ..\obj\stm32f0xx_hal.o
                0x0800119c                HAL_Delay
 .text.ADC_Disable
                0x080011b4       0x76 ..\obj\stm32f0xx_hal_adc.o
 .text.ADC_ConversionStop
                0x0800122a       0x50 ..\obj\stm32f0xx_hal_adc.o
 *fill*         0x0800127a        0x2 
 .text.ADC_Enable
                0x0800127c       0x84 ..\obj\stm32f0xx_hal_adc.o
 .text.HAL_ADC_MspInit
                0x08001300        0x2 ..\obj\stm32f0xx_hal_adc.o
                0x08001300                HAL_ADC_MspInit
 *fill*         0x08001302        0x2 
 .text.HAL_ADC_Init
                0x08001304       0xfc ..\obj\stm32f0xx_hal_adc.o
                0x08001304                HAL_ADC_Init
 .text.HAL_ADC_Start
                0x08001400       0x54 ..\obj\stm32f0xx_hal_adc.o
                0x08001400                HAL_ADC_Start
 .text.HAL_ADC_Stop
                0x08001454       0x32 ..\obj\stm32f0xx_hal_adc.o
                0x08001454                HAL_ADC_Stop
 .text.HAL_ADC_PollForConversion
                0x08001486       0x5c ..\obj\stm32f0xx_hal_adc.o
                0x08001486                HAL_ADC_PollForConversion
 .text.HAL_ADC_GetValue
                0x080014e2        0xa ..\obj\stm32f0xx_hal_adc.o
                0x080014e2                HAL_ADC_GetValue
 .text.HAL_ADC_ConfigChannel
                0x080014ec       0xe4 ..\obj\stm32f0xx_hal_adc.o
                0x080014ec                HAL_ADC_ConfigChannel
 .text.HAL_UART_MspInit
                0x080015d0        0x2 ..\obj\stm32f0xx_hal_uart.o
                0x080015d0                HAL_UART_MspInit
 *fill*         0x080015d2        0x2 
 .text.UART_WaitOnFlagUntilTimeout
                0x080015d4       0x90 ..\obj\stm32f0xx_hal_uart.o
                0x080015d4                UART_WaitOnFlagUntilTimeout
 .text.HAL_UART_Transmit
                0x08001664       0xb4 ..\obj\stm32f0xx_hal_uart.o
                0x08001664                HAL_UART_Transmit
 .text.UART_CheckIdleState
                0x08001718       0x54 ..\obj\stm32f0xx_hal_uart.o
                0x08001718                UART_CheckIdleState
 .text.UART_SetConfig
                0x0800176c      0x11c ..\obj\stm32f0xx_hal_uart.o
                0x0800176c                UART_SetConfig
 .text.UART_AdvFeatureConfig
                0x08001888       0xd0 ..\obj\stm32f0xx_hal_uart.o
                0x08001888                UART_AdvFeatureConfig
 .text.HAL_UART_Init
                0x08001958       0x64 ..\obj\stm32f0xx_hal_uart.o
                0x08001958                HAL_UART_Init
 .text.HAL_MspInit
                0x080019bc        0x2 ..\obj\stm32f0xx_hal_msp_template.o
                0x080019bc                HAL_MspInit
 *fill*         0x080019be        0x2 
 .text.startup.main
                0x080019c0      0x440 ..\obj\main.o
                0x080019c0                main
 .text.HAL_TIM_PeriodElapsedCallback
                0x08001e00       0x18 ..\obj\main.o
                0x08001e00                HAL_TIM_PeriodElapsedCallback
 .text.HAL_ADCEx_Calibration_Start
                0x08001e18       0x6e ..\obj\stm32f0xx_hal_adc_ex.o
                0x08001e18                HAL_ADCEx_Calibration_Start
 *fill*         0x08001e86        0x2 
 .text.HAL_RCC_OscConfig
                0x08001e88      0x350 ..\obj\stm32f0xx_hal_rcc_ex.o
                0x08001e88                HAL_RCC_OscConfig
 .text.HAL_RCC_ClockConfig
                0x080021d8      0x1a4 ..\obj\stm32f0xx_hal_rcc_ex.o
                0x080021d8                HAL_RCC_ClockConfig
 .text.HAL_RCC_GetSysClockFreq
                0x0800237c       0x48 ..\obj\stm32f0xx_hal_rcc_ex.o
                0x0800237c                HAL_RCC_GetSysClockFreq
 .text.Reset_Handler
                0x080023c4       0x50 ..\obj\startup_stm32f030x8.o
                0x080023c4                Reset_Handler
 .text.Default_Handler
                0x08002414        0x2 ..\obj\startup_stm32f030x8.o
                0x08002414                TIM1_CC_IRQHandler
                0x08002414                TIM6_IRQHandler
                0x08002414                I2C1_IRQHandler
                0x08002414                SPI1_IRQHandler
                0x08002414                EXTI2_3_IRQHandler
                0x08002414                ADC1_IRQHandler
                0x08002414                I2C2_IRQHandler
                0x08002414                TIM17_IRQHandler
                0x08002414                RTC_IRQHandler
                0x08002414                TIM16_IRQHandler
                0x08002414                EXTI4_15_IRQHandler
                0x08002414                RCC_IRQHandler
                0x08002414                DMA1_Channel1_IRQHandler
                0x08002414                Default_Handler
                0x08002414                TIM14_IRQHandler
                0x08002414                DMA1_Channel4_5_IRQHandler
                0x08002414                TIM15_IRQHandler
                0x08002414                EXTI0_1_IRQHandler
                0x08002414                SPI2_IRQHandler
                0x08002414                WWDG_IRQHandler
                0x08002414                DMA1_Channel2_3_IRQHandler
                0x08002414                USART2_IRQHandler
                0x08002414                FLASH_IRQHandler
                0x08002414                USART1_IRQHandler
                0x08002414                TIM1_BRK_UP_TRG_COM_IRQHandler
 *fill*         0x08002416        0x2 
 .text.HAL_NVIC_SetPriority
                0x08002418       0x64 ..\obj\stm32f0xx_hal_cortex.o
                0x08002418                HAL_NVIC_SetPriority
 .text.HAL_NVIC_EnableIRQ
                0x0800247c       0x14 ..\obj\stm32f0xx_hal_cortex.o
                0x0800247c                HAL_NVIC_EnableIRQ
 .text.HAL_SYSTICK_Config
                0x08002490       0x34 ..\obj\stm32f0xx_hal_cortex.o
                0x08002490                HAL_SYSTICK_Config
 .text.HAL_TIM_Base_MspInit
                0x080024c4       0x24 ..\obj\stm32f0xx_hal_msp.o
                0x080024c4                HAL_TIM_Base_MspInit
 .text.SystemInit
                0x080024e8       0x60 ..\obj\system_stm32f0xx.o
                0x080024e8                SystemInit
 .text.NMI_Handler
                0x08002548        0x2 ..\obj\stm32f0xx_it.o
                0x08002548                NMI_Handler
 .text.HardFault_Handler
                0x0800254a        0x2 ..\obj\stm32f0xx_it.o
                0x0800254a                HardFault_Handler
 .text.SVC_Handler
                0x0800254c        0x2 ..\obj\stm32f0xx_it.o
                0x0800254c                SVC_Handler
 .text.PendSV_Handler
                0x0800254e        0x2 ..\obj\stm32f0xx_it.o
                0x0800254e                PendSV_Handler
 .text.SysTick_Handler
                0x08002550        0x8 ..\obj\stm32f0xx_it.o
                0x08002550                SysTick_Handler
 .text.TIM3_IRQHandler
                0x08002558       0x10 ..\obj\stm32f0xx_it.o
                0x08002558                TIM3_IRQHandler
 .text.HAL_TIMEx_CommutationCallback
                0x08002568        0x2 ..\obj\stm32f0xx_hal_tim_ex.o
                0x08002568                HAL_TIMEx_CommutationCallback
 .text.HAL_TIMEx_BreakCallback
                0x0800256a        0x2 ..\obj\stm32f0xx_hal_tim_ex.o
                0x0800256a                HAL_TIMEx_BreakCallback
 .text.HAL_TIM_Base_Start_IT
                0x0800256c       0x14 ..\obj\stm32f0xx_hal_tim.o
                0x0800256c                HAL_TIM_Base_Start_IT
 .text.HAL_TIM_OC_DelayElapsedCallback
                0x08002580        0x2 ..\obj\stm32f0xx_hal_tim.o
                0x08002580                HAL_TIM_OC_DelayElapsedCallback
 .text.HAL_TIM_IC_CaptureCallback
                0x08002582        0x2 ..\obj\stm32f0xx_hal_tim.o
                0x08002582                HAL_TIM_IC_CaptureCallback
 .text.HAL_TIM_PWM_PulseFinishedCallback
                0x08002584        0x2 ..\obj\stm32f0xx_hal_tim.o
                0x08002584                HAL_TIM_PWM_PulseFinishedCallback
 .text.HAL_TIM_TriggerCallback
                0x08002586        0x2 ..\obj\stm32f0xx_hal_tim.o
                0x08002586                HAL_TIM_TriggerCallback
 .text.HAL_TIM_IRQHandler
                0x08002588      0x146 ..\obj\stm32f0xx_hal_tim.o
                0x08002588                HAL_TIM_IRQHandler
 *fill*         0x080026ce        0x2 
 .text.TIM_Base_SetConfig
                0x080026d0       0x88 ..\obj\stm32f0xx_hal_tim.o
                0x080026d0                TIM_Base_SetConfig
 .text.HAL_TIM_Base_Init
                0x08002758       0x2e ..\obj\stm32f0xx_hal_tim.o
                0x08002758                HAL_TIM_Base_Init
 *fill*         0x08002786        0x2 
 .text.HAL_GPIO_Init
                0x08002788      0x154 ..\obj\stm32f0xx_hal_gpio.o
                0x08002788                HAL_GPIO_Init
 .text.HAL_GPIO_TogglePin
                0x080028dc        0x8 ..\obj\stm32f0xx_hal_gpio.o
                0x080028dc                HAL_GPIO_TogglePin
 .text.__itoa   0x080028e4       0x30 c:/coocox/gccarmnoneeabi4_9/bin/../lib/gcc/arm-none-eabi/4.9.3/../../../../arm-none-eabi/lib/armv6-m\libg.a(lib_a-itoa.o)
                0x080028e4                __itoa
 .text.itoa     0x08002914        0x8 c:/coocox/gccarmnoneeabi4_9/bin/../lib/gcc/arm-none-eabi/4.9.3/../../../../arm-none-eabi/lib/armv6-m\libg.a(lib_a-itoa.o)
                0x08002914                itoa
 .text.strcat   0x0800291c       0x50 c:/coocox/gccarmnoneeabi4_9/bin/../lib/gcc/arm-none-eabi/4.9.3/../../../../arm-none-eabi/lib/armv6-m\libg.a(lib_a-strcat.o)
                0x0800291c                strcat
 .text.strcpy   0x0800296c       0x10 c:/coocox/gccarmnoneeabi4_9/bin/../lib/gcc/arm-none-eabi/4.9.3/../../../../arm-none-eabi/lib/armv6-m\libg.a(lib_a-strcpy.o)
                0x0800296c                strcpy
 .text.__utoa   0x0800297c       0x8c c:/coocox/gccarmnoneeabi4_9/bin/../lib/gcc/arm-none-eabi/4.9.3/../../../../arm-none-eabi/lib/armv6-m\libg.a(lib_a-utoa.o)
                0x0800297c                __utoa
 *(.glue_7)
 .glue_7        0x00000000        0x0 linker stubs
 *(.glue_7t)
 .glue_7t       0x00000000        0x0 linker stubs
 *(.eh_frame)
 .eh_frame      0x08002a08        0x0 c:/coocox/gccarmnoneeabi4_9/bin/../lib/gcc/arm-none-eabi/4.9.3/armv6-m/crtbegin.o
 *(.init)
 .init          0x08002a08        0x4 c:/coocox/gccarmnoneeabi4_9/bin/../lib/gcc/arm-none-eabi/4.9.3/armv6-m/crti.o
                0x08002a08                _init
 .init          0x08002a0c        0x8 c:/coocox/gccarmnoneeabi4_9/bin/../lib/gcc/arm-none-eabi/4.9.3/armv6-m/crtn.o
 *(.fini)
 .fini          0x08002a14        0x4 c:/coocox/gccarmnoneeabi4_9/bin/../lib/gcc/arm-none-eabi/4.9.3/armv6-m/crti.o
                0x08002a14                _fini
 .fini          0x08002a18        0x8 c:/coocox/gccarmnoneeabi4_9/bin/../lib/gcc/arm-none-eabi/4.9.3/armv6-m/crtn.o
                0x08002a20                . = ALIGN (0x4)
                0x08002a20                _etext = .

.vfp11_veneer   0x08002a20        0x0
 .vfp11_veneer  0x00000000        0x0 linker stubs

.v4_bx          0x08002a20        0x0
 .v4_bx         0x00000000        0x0 linker stubs

.iplt           0x08002a20        0x0
 .iplt          0x00000000        0x0 c:/coocox/gccarmnoneeabi4_9/bin/../lib/gcc/arm-none-eabi/4.9.3/armv6-m/crtbegin.o

.rodata         0x08002a20      0x138
                0x08002a20                . = ALIGN (0x4)
 *(.rodata)
 .rodata        0x08002a20       0x10 ..\obj\stm32f0xx_hal_rcc.o
                0x08002a20                APBAHBPrescTable
 .rodata        0x08002a30        0x4 ..\obj\stm32f0xx_hal_uart.o
 .rodata        0x08002a34       0x20 ..\obj\stm32f0xx_hal_rcc_ex.o
                0x08002a34                PLLMULFactorTable
                0x08002a44                PredivFactorTable
 .rodata        0x08002a54       0x40 c:/coocox/gccarmnoneeabi4_9/bin/../lib/gcc/arm-none-eabi/4.9.3/armv6-m\libgcc.a(mulsf3.o)
 .rodata        0x08002a94       0x40 c:/coocox/gccarmnoneeabi4_9/bin/../lib/gcc/arm-none-eabi/4.9.3/armv6-m\libgcc.a(muldf3.o)
 *(.rodata*)
 .rodata.str1.4
                0x08002ad4        0x2 c:/coocox/gccarmnoneeabi4_9/bin/../lib/gcc/arm-none-eabi/4.9.3/../../../../arm-none-eabi/lib/armv6-m\libc.a(lib_a-impure.o)
                                  0x4 (size before relaxing)
 *fill*         0x08002ad6        0x2 
 .rodata._global_impure_ptr
                0x08002ad8        0x4 c:/coocox/gccarmnoneeabi4_9/bin/../lib/gcc/arm-none-eabi/4.9.3/../../../../arm-none-eabi/lib/armv6-m\libc.a(lib_a-impure.o)
                0x08002ad8                _global_impure_ptr
 .rodata.str1.1
                0x08002adc       0x51 ..\obj\main.o
                                 0x54 (size before relaxing)
 *fill*         0x08002b2d        0x3 
 .rodata.str1.4
                0x08002b30       0x28 c:/coocox/gccarmnoneeabi4_9/bin/../lib/gcc/arm-none-eabi/4.9.3/../../../../arm-none-eabi/lib/armv6-m\libg.a(lib_a-utoa.o)
                0x08002b58                . = ALIGN (0x4)

.rel.dyn        0x08002b58        0x0
 .rel.iplt      0x00000000        0x0 c:/coocox/gccarmnoneeabi4_9/bin/../lib/gcc/arm-none-eabi/4.9.3/armv6-m/crtbegin.o

.ARM.extab
 *(.ARM.extab* .gnu.linkonce.armextab.*)

.ARM            0x08002b58        0x0
                0x08002b58                __exidx_start = .
 *(.ARM.exidx*)
                0x08002b58                __exidx_end = .

.preinit_array  0x08002b58        0x0
                0x08002b58                PROVIDE (__preinit_array_start, .)
 *(.preinit_array*)
                0x08002b58                PROVIDE (__preinit_array_end, .)

.init_array     0x08002b58        0x8
                0x08002b58                PROVIDE (__init_array_start, .)
 *(SORT(.init_array.*))
 .init_array.00000
                0x08002b58        0x4 c:/coocox/gccarmnoneeabi4_9/bin/../lib/gcc/arm-none-eabi/4.9.3/../../../../arm-none-eabi/lib/armv6-m\libc.a(lib_a-__call_atexit.o)
 *(.init_array*)
 .init_array    0x08002b5c        0x4 c:/coocox/gccarmnoneeabi4_9/bin/../lib/gcc/arm-none-eabi/4.9.3/armv6-m/crtbegin.o
                0x08002b60                PROVIDE (__init_array_end, .)

.fini_array     0x08002b60        0x4
                0x08002b60                PROVIDE (__fini_array_start, .)
 *(SORT(.fini_array.*))
 *(.fini_array*)
 .fini_array    0x08002b60        0x4 c:/coocox/gccarmnoneeabi4_9/bin/../lib/gcc/arm-none-eabi/4.9.3/armv6-m/crtbegin.o
                0x08002b64                PROVIDE (__fini_array_end, .)
                0x08002b64                _sidata = LOADADDR (.data)

.data           0x20000000      0x470 load address 0x08002b64
                0x20000000                . = ALIGN (0x4)
                0x20000000                _sdata = .
 *(.data)
 .data          0x20000000       0x32 ..\obj\main.o
                0x20000000                Buffer
 *fill*         0x20000032        0x2 
 .data          0x20000034       0x14 ..\obj\system_stm32f0xx.o
                0x20000034                SystemCoreClock
                0x20000038                AHBPrescTable
 *(.data*)
 .data.impure_data
                0x20000048      0x428 c:/coocox/gccarmnoneeabi4_9/bin/../lib/gcc/arm-none-eabi/4.9.3/../../../../arm-none-eabi/lib/armv6-m\libc.a(lib_a-impure.o)
                0x20000470                . = ALIGN (0x4)
                0x20000470                _edata = .

.jcr            0x20000470        0x0 load address 0x08002fd4
 .jcr           0x20000470        0x0 c:/coocox/gccarmnoneeabi4_9/bin/../lib/gcc/arm-none-eabi/4.9.3/armv6-m/crtbegin.o

.igot.plt       0x20000470        0x0 load address 0x08002fd4
 .igot.plt      0x00000000        0x0 c:/coocox/gccarmnoneeabi4_9/bin/../lib/gcc/arm-none-eabi/4.9.3/armv6-m/crtbegin.o
                0x20000470                . = ALIGN (0x4)

.bss            0x20000470      0x1b0 load address 0x08002fd4
                0x20000470                _sbss = .
                0x20000470                __bss_start__ = _sbss
 *(.bss)
 .bss           0x20000470       0x1c c:/coocox/gccarmnoneeabi4_9/bin/../lib/gcc/arm-none-eabi/4.9.3/armv6-m/crtbegin.o
 .bss           0x2000048c        0x4 ..\obj\stm32f0xx_hal.o
 .bss           0x20000490        0x4 ..\obj\main.o
                0x20000490                uwPrescalerValue
 *(.bss*)
 *(COMMON)
 COMMON         0x20000494      0x18c ..\obj\main.o
                0x20000494                g_ADCValue3
                0x20000498                UartHandle
                0x20000508                g_Flag
                0x2000050c                g_ADCValue
                0x20000510                GPIO_InitStruct
                0x20000524                g_ADCValue2
                0x20000528                AdcHandle
                0x20000570                sConfig
                0x2000057c                Buffer3
                0x200005ae                Buffer2
                0x200005e0                TimHandle
                0x2000061c                g_ADCValue1
                0x20000620                . = ALIGN (0x4)
                0x20000620                _ebss = .
                0x20000620                __bss_end__ = _ebss

._user_heap_stack
                0x20000620      0x600 load address 0x08002fd4
                0x20000620                . = ALIGN (0x4)
                0x20000620                PROVIDE (end, .)
                0x20000620                PROVIDE (_end, .)
                0x20000820                . = (. + _Min_Heap_Size)
 *fill*         0x20000620      0x200 
                0x20000c20                . = (. + _Min_Stack_Size)
 *fill*         0x20000820      0x400 
                0x20000c20                . = ALIGN (0x4)

/DISCARD/
 libc.a(*)
 libm.a(*)
 libgcc.a(*)

.ARM.attributes
                0x00000000       0x28
 *(.ARM.attributes)
 .ARM.attributes
                0x00000000       0x1e c:/coocox/gccarmnoneeabi4_9/bin/../lib/gcc/arm-none-eabi/4.9.3/armv6-m/crti.o
 .ARM.attributes
                0x0000001e       0x2c c:/coocox/gccarmnoneeabi4_9/bin/../lib/gcc/arm-none-eabi/4.9.3/armv6-m/crtbegin.o
 .ARM.attributes
                0x0000004a       0x31 ..\obj\stm32f0xx_hal_rcc.o
 .ARM.attributes
                0x0000007b       0x31 ..\obj\stm32f0xx_hal.o
 .ARM.attributes
                0x000000ac       0x31 ..\obj\stm32f0xx_hal_adc.o
 .ARM.attributes
                0x000000dd       0x31 ..\obj\stm32f0xx_hal_uart.o
 .ARM.attributes
                0x0000010e       0x31 ..\obj\stm32f0xx_hal_msp_template.o
 .ARM.attributes
                0x0000013f       0x31 ..\obj\main.o
 .ARM.attributes
                0x00000170       0x31 ..\obj\stm32f0xx_hal_adc_ex.o
 .ARM.attributes
                0x000001a1       0x31 ..\obj\stm32f0xx_hal_rcc_ex.o
 .ARM.attributes
                0x000001d2       0x21 ..\obj\startup_stm32f030x8.o
 .ARM.attributes
                0x000001f3       0x31 ..\obj\stm32f0xx_hal_cortex.o
 .ARM.attributes
                0x00000224       0x31 ..\obj\stm32f0xx_hal_msp.o
 .ARM.attributes
                0x00000255       0x31 ..\obj\system_stm32f0xx.o
 .ARM.attributes
                0x00000286       0x31 ..\obj\stm32f0xx_it.o
 .ARM.attributes
                0x000002b7       0x31 ..\obj\stm32f0xx_hal_tim_ex.o
 .ARM.attributes
                0x000002e8       0x31 ..\obj\stm32f0xx_hal_tim.o
 .ARM.attributes
                0x00000319       0x31 ..\obj\stm32f0xx_hal_gpio.o
 .ARM.attributes
                0x0000034a       0x1e c:/coocox/gccarmnoneeabi4_9/bin/../lib/gcc/arm-none-eabi/4.9.3/armv6-m\libgcc.a(_thumb1_case_uqi.o)
 .ARM.attributes
                0x00000368       0x1e c:/coocox/gccarmnoneeabi4_9/bin/../lib/gcc/arm-none-eabi/4.9.3/armv6-m\libgcc.a(_udivsi3.o)
 .ARM.attributes
                0x00000386       0x1e c:/coocox/gccarmnoneeabi4_9/bin/../lib/gcc/arm-none-eabi/4.9.3/armv6-m\libgcc.a(_dvmd_tls.o)
 .ARM.attributes
                0x000003a4       0x2c c:/coocox/gccarmnoneeabi4_9/bin/../lib/gcc/arm-none-eabi/4.9.3/armv6-m\libgcc.a(mulsf3.o)
 .ARM.attributes
                0x000003d0       0x2c c:/coocox/gccarmnoneeabi4_9/bin/../lib/gcc/arm-none-eabi/4.9.3/armv6-m\libgcc.a(subsf3.o)
 .ARM.attributes
                0x000003fc       0x2c c:/coocox/gccarmnoneeabi4_9/bin/../lib/gcc/arm-none-eabi/4.9.3/armv6-m\libgcc.a(fixsfsi.o)
 .ARM.attributes
                0x00000428       0x2c c:/coocox/gccarmnoneeabi4_9/bin/../lib/gcc/arm-none-eabi/4.9.3/armv6-m\libgcc.a(floatsisf.o)
 .ARM.attributes
                0x00000454       0x2c c:/coocox/gccarmnoneeabi4_9/bin/../lib/gcc/arm-none-eabi/4.9.3/armv6-m\libgcc.a(muldf3.o)
 .ARM.attributes
                0x00000480       0x2c c:/coocox/gccarmnoneeabi4_9/bin/../lib/gcc/arm-none-eabi/4.9.3/armv6-m\libgcc.a(floatunsidf.o)
 .ARM.attributes
                0x000004ac       0x2c c:/coocox/gccarmnoneeabi4_9/bin/../lib/gcc/arm-none-eabi/4.9.3/armv6-m\libgcc.a(truncdfsf2.o)
 .ARM.attributes
                0x000004d8       0x1e c:/coocox/gccarmnoneeabi4_9/bin/../lib/gcc/arm-none-eabi/4.9.3/armv6-m\libgcc.a(_clzsi2.o)
 .ARM.attributes
                0x000004f6       0x2c c:/coocox/gccarmnoneeabi4_9/bin/../lib/gcc/arm-none-eabi/4.9.3/../../../../arm-none-eabi/lib/armv6-m\libg.a(lib_a-itoa.o)
 .ARM.attributes
                0x00000522       0x2c c:/coocox/gccarmnoneeabi4_9/bin/../lib/gcc/arm-none-eabi/4.9.3/../../../../arm-none-eabi/lib/armv6-m\libg.a(lib_a-strcat.o)
 .ARM.attributes
                0x0000054e       0x2c c:/coocox/gccarmnoneeabi4_9/bin/../lib/gcc/arm-none-eabi/4.9.3/../../../../arm-none-eabi/lib/armv6-m\libg.a(lib_a-strcpy.o)
 .ARM.attributes
                0x0000057a       0x2c c:/coocox/gccarmnoneeabi4_9/bin/../lib/gcc/arm-none-eabi/4.9.3/../../../../arm-none-eabi/lib/armv6-m\libg.a(lib_a-utoa.o)
 .ARM.attributes
                0x000005a6       0x1e c:/coocox/gccarmnoneeabi4_9/bin/../lib/gcc/arm-none-eabi/4.9.3/armv6-m/crtn.o
LOAD ..\obj\stm32f0xx_hal_pwr.o
LOAD ..\obj\stm32f0xx_hal_smartcard_ex.o
LOAD ..\obj\stm32f0xx_hal_can.o
LOAD ..\obj\stm32f0xx_hal_dac.o
LOAD ..\obj\stm32f0xx_hal_dac_ex.o
LOAD ..\obj\stm32f0xx_hal_wwdg.o
LOAD ..\obj\stm32f0xx_hal_crc.o
LOAD ..\obj\stm32f0xx_hal_rcc.o
LOAD ..\obj\stm32f0xx_nucleo.o
LOAD ..\obj\stm32f0xx_hal.o
LOAD ..\obj\stm32f0xx_hal_adc.o
LOAD ..\obj\stm32f0xx_hal_i2s.o
LOAD ..\obj\stm32f0xx_hal_pcd.o
LOAD ..\obj\stm32f0xx_hal_uart.o
LOAD ..\obj\stm32f0xx_hal_msp_template.o
LOAD ..\obj\main.o
LOAD ..\obj\stm32f0xx_hal_crc_ex.o
LOAD ..\obj\stm32f0xx_hal_adc_ex.o
LOAD ..\obj\stm32f0xx_hal_smartcard.o
LOAD ..\obj\stm32f0xx_hal_rtc_ex.o
LOAD ..\obj\stm32f0xx_hal_cec.o
LOAD ..\obj\stm32f0xx_hal_rcc_ex.o
LOAD ..\obj\HD44780LIB.o
LOAD ..\obj\stm32f0xx_hal_flash_ex.o
LOAD ..\obj\stm32f0xx_hal_tsc.o
LOAD ..\obj\stm32f0xx_hal_dma.o
LOAD ..\obj\startup_stm32f030x8.o
LOAD ..\obj\stm32f0xx_hal_usart.o
LOAD ..\obj\stm32f0xx_hal_cortex.o
LOAD ..\obj\stm32f0xx_hal_iwdg.o
LOAD ..\obj\stm32f0xx_hal_spi.o
LOAD ..\obj\stm32f0xx_hal_i2c.o
LOAD ..\obj\stm32f0xx_hal_msp.o
LOAD ..\obj\stm32f0xx_hal_flash.o
LOAD ..\obj\stm32f0xx_hal_pcd_ex.o
LOAD ..\obj\stm32f0xx_hal_i2c_ex.o
LOAD ..\obj\system_stm32f0xx.o
LOAD ..\obj\stm32f0xx_hal_rtc.o
LOAD ..\obj\stm32f0xx_it.o
LOAD ..\obj\stm32f0xx_hal_pwr_ex.o
LOAD ..\obj\stm32f0xx_hal_tim_ex.o
LOAD ..\obj\stm32f0xx_hal_uart_ex.o
LOAD ..\obj\stm32f0xx_hal_tim.o
LOAD ..\obj\stm32f0xx_hal_smbus.o
LOAD ..\obj\stm32f0xx_hal_gpio.o
LOAD ..\obj\stm32f0xx_hal_comp.o
LOAD ..\obj\stm32f0xx_hal_irda.o
LOAD c:/coocox/gccarmnoneeabi4_9/bin/../lib/gcc/arm-none-eabi/4.9.3/../../../../arm-none-eabi/lib/armv6-m\libstdc++.a
START GROUP
LOAD c:/coocox/gccarmnoneeabi4_9/bin/../lib/gcc/arm-none-eabi/4.9.3/armv6-m\libgcc.a
LOAD c:/coocox/gccarmnoneeabi4_9/bin/../lib/gcc/arm-none-eabi/4.9.3/../../../../arm-none-eabi/lib/armv6-m\libg.a
LOAD c:/coocox/gccarmnoneeabi4_9/bin/../lib/gcc/arm-none-eabi/4.9.3/../../../../arm-none-eabi/lib/armv6-m\libc.a
END GROUP
LOAD c:/coocox/gccarmnoneeabi4_9/bin/../lib/gcc/arm-none-eabi/4.9.3/armv6-m/crtend.o
LOAD c:/coocox/gccarmnoneeabi4_9/bin/../lib/gcc/arm-none-eabi/4.9.3/armv6-m/crtn.o
OUTPUT(firmware.elf elf32-littlearm)

.debug_info     0x00000000     0xb13d
 .debug_info    0x00000000      0x68d ..\obj\stm32f0xx_hal_rcc.o
 .debug_info    0x0000068d      0x591 ..\obj\stm32f0xx_hal.o
 .debug_info    0x00000c1e      0xe8c ..\obj\stm32f0xx_hal_adc.o
 .debug_info    0x00001aaa     0x1222 ..\obj\stm32f0xx_hal_uart.o
 .debug_info    0x00002ccc       0xb3 ..\obj\stm32f0xx_hal_msp_template.o
 .debug_info    0x00002d7f     0x16a5 ..\obj\main.o
 .debug_info    0x00004424      0x52e ..\obj\stm32f0xx_hal_adc_ex.o
 .debug_info    0x00004952      0x715 ..\obj\stm32f0xx_hal_rcc_ex.o
 .debug_info    0x00005067       0xd4 ..\obj\startup_stm32f030x8.o
 .debug_info    0x0000513b      0x74d ..\obj\stm32f0xx_hal_cortex.o
 .debug_info    0x00005888      0x6a5 ..\obj\stm32f0xx_hal_msp.o
 .debug_info    0x00005f2d      0x20a ..\obj\system_stm32f0xx.o
 .debug_info    0x00006137      0x540 ..\obj\stm32f0xx_it.o
 .debug_info    0x00006677     0x11c8 ..\obj\stm32f0xx_hal_tim_ex.o
 .debug_info    0x0000783f     0x3351 ..\obj\stm32f0xx_hal_tim.o
 .debug_info    0x0000ab90      0x5ad ..\obj\stm32f0xx_hal_gpio.o

.debug_abbrev   0x00000000     0x1b40
 .debug_abbrev  0x00000000      0x1e2 ..\obj\stm32f0xx_hal_rcc.o
 .debug_abbrev  0x000001e2      0x203 ..\obj\stm32f0xx_hal.o
 .debug_abbrev  0x000003e5      0x28d ..\obj\stm32f0xx_hal_adc.o
 .debug_abbrev  0x00000672      0x1ea ..\obj\stm32f0xx_hal_uart.o
 .debug_abbrev  0x0000085c       0x40 ..\obj\stm32f0xx_hal_msp_template.o
 .debug_abbrev  0x0000089c      0x262 ..\obj\main.o
 .debug_abbrev  0x00000afe      0x12e ..\obj\stm32f0xx_hal_adc_ex.o
 .debug_abbrev  0x00000c2c      0x1f9 ..\obj\stm32f0xx_hal_rcc_ex.o
 .debug_abbrev  0x00000e25       0x12 ..\obj\startup_stm32f030x8.o
 .debug_abbrev  0x00000e37      0x237 ..\obj\stm32f0xx_hal_cortex.o
 .debug_abbrev  0x0000106e      0x174 ..\obj\stm32f0xx_hal_msp.o
 .debug_abbrev  0x000011e2       0xee ..\obj\system_stm32f0xx.o
 .debug_abbrev  0x000012d0      0x175 ..\obj\stm32f0xx_it.o
 .debug_abbrev  0x00001445      0x225 ..\obj\stm32f0xx_hal_tim_ex.o
 .debug_abbrev  0x0000166a      0x312 ..\obj\stm32f0xx_hal_tim.o
 .debug_abbrev  0x0000197c      0x1c4 ..\obj\stm32f0xx_hal_gpio.o

.debug_loc      0x00000000     0x7072
 .debug_loc     0x00000000       0xb0 ..\obj\stm32f0xx_hal_rcc.o
 .debug_loc     0x000000b0       0x6a ..\obj\stm32f0xx_hal.o
 .debug_loc     0x0000011a      0x9f7 ..\obj\stm32f0xx_hal_adc.o
 .debug_loc     0x00000b11      0xd40 ..\obj\stm32f0xx_hal_uart.o
 .debug_loc     0x00001851       0x71 ..\obj\main.o
 .debug_loc     0x000018c2       0x7d ..\obj\stm32f0xx_hal_adc_ex.o
 .debug_loc     0x0000193f      0x46a ..\obj\stm32f0xx_hal_rcc_ex.o
 .debug_loc     0x00001da9      0x233 ..\obj\stm32f0xx_hal_cortex.o
 .debug_loc     0x00001fdc       0x21 ..\obj\stm32f0xx_hal_msp.o
 .debug_loc     0x00001ffd      0x114 ..\obj\system_stm32f0xx.o
 .debug_loc     0x00002111      0xe34 ..\obj\stm32f0xx_hal_tim_ex.o
 .debug_loc     0x00002f45     0x3dee ..\obj\stm32f0xx_hal_tim.o
 .debug_loc     0x00006d33      0x33f ..\obj\stm32f0xx_hal_gpio.o

.debug_aranges  0x00000000      0xa18
 .debug_aranges
                0x00000000       0x80 ..\obj\stm32f0xx_hal_rcc.o
 .debug_aranges
                0x00000080       0xa0 ..\obj\stm32f0xx_hal.o
 .debug_aranges
                0x00000120       0xf8 ..\obj\stm32f0xx_hal_adc.o
 .debug_aranges
                0x00000218      0x148 ..\obj\stm32f0xx_hal_uart.o
 .debug_aranges
                0x00000360       0x38 ..\obj\stm32f0xx_hal_msp_template.o
 .debug_aranges
                0x00000398       0x28 ..\obj\main.o
 .debug_aranges
                0x000003c0       0x20 ..\obj\stm32f0xx_hal_adc_ex.o
 .debug_aranges
                0x000003e0       0x40 ..\obj\stm32f0xx_hal_rcc_ex.o
 .debug_aranges
                0x00000420       0x28 ..\obj\startup_stm32f030x8.o
 .debug_aranges
                0x00000448       0x78 ..\obj\stm32f0xx_hal_cortex.o
 .debug_aranges
                0x000004c0       0x20 ..\obj\stm32f0xx_hal_msp.o
 .debug_aranges
                0x000004e0       0x28 ..\obj\system_stm32f0xx.o
 .debug_aranges
                0x00000508       0x48 ..\obj\stm32f0xx_it.o
 .debug_aranges
                0x00000550      0x140 ..\obj\stm32f0xx_hal_tim_ex.o
 .debug_aranges
                0x00000690      0x330 ..\obj\stm32f0xx_hal_tim.o
 .debug_aranges
                0x000009c0       0x58 ..\obj\stm32f0xx_hal_gpio.o

.debug_ranges   0x00000000      0xc38
 .debug_ranges  0x00000000       0x70 ..\obj\stm32f0xx_hal_rcc.o
 .debug_ranges  0x00000070       0x90 ..\obj\stm32f0xx_hal.o
 .debug_ranges  0x00000100       0xe8 ..\obj\stm32f0xx_hal_adc.o
 .debug_ranges  0x000001e8      0x138 ..\obj\stm32f0xx_hal_uart.o
 .debug_ranges  0x00000320       0x28 ..\obj\stm32f0xx_hal_msp_template.o
 .debug_ranges  0x00000348       0x18 ..\obj\main.o
 .debug_ranges  0x00000360       0x10 ..\obj\stm32f0xx_hal_adc_ex.o
 .debug_ranges  0x00000370       0x30 ..\obj\stm32f0xx_hal_rcc_ex.o
 .debug_ranges  0x000003a0       0x20 ..\obj\startup_stm32f030x8.o
 .debug_ranges  0x000003c0       0xd0 ..\obj\stm32f0xx_hal_cortex.o
 .debug_ranges  0x00000490       0x10 ..\obj\stm32f0xx_hal_msp.o
 .debug_ranges  0x000004a0       0x18 ..\obj\system_stm32f0xx.o
 .debug_ranges  0x000004b8       0x38 ..\obj\stm32f0xx_it.o
 .debug_ranges  0x000004f0      0x130 ..\obj\stm32f0xx_hal_tim_ex.o
 .debug_ranges  0x00000620      0x5d0 ..\obj\stm32f0xx_hal_tim.o
 .debug_ranges  0x00000bf0       0x48 ..\obj\stm32f0xx_hal_gpio.o

.debug_line     0x00000000     0x4f43
 .debug_line    0x00000000      0x387 ..\obj\stm32f0xx_hal_rcc.o
 .debug_line    0x00000387      0x3e3 ..\obj\stm32f0xx_hal.o
 .debug_line    0x0000076a      0x753 ..\obj\stm32f0xx_hal_adc.o
 .debug_line    0x00000ebd      0x978 ..\obj\stm32f0xx_hal_uart.o
 .debug_line    0x00001835       0xe0 ..\obj\stm32f0xx_hal_msp_template.o
 .debug_line    0x00001915      0x3ae ..\obj\main.o
 .debug_line    0x00001cc3      0x285 ..\obj\stm32f0xx_hal_adc_ex.o
 .debug_line    0x00001f48      0x41b ..\obj\stm32f0xx_hal_rcc_ex.o
 .debug_line    0x00002363       0xc1 ..\obj\startup_stm32f030x8.o
 .debug_line    0x00002424      0x37f ..\obj\stm32f0xx_hal_cortex.o
 .debug_line    0x000027a3      0x221 ..\obj\stm32f0xx_hal_msp.o
 .debug_line    0x000029c4      0x1b2 ..\obj\system_stm32f0xx.o
 .debug_line    0x00002b76      0x2d0 ..\obj\stm32f0xx_it.o
 .debug_line    0x00002e46      0x86b ..\obj\stm32f0xx_hal_tim_ex.o
 .debug_line    0x000036b1     0x14fa ..\obj\stm32f0xx_hal_tim.o
 .debug_line    0x00004bab      0x398 ..\obj\stm32f0xx_hal_gpio.o

.debug_str      0x00000000     0x3484
 .debug_str     0x00000000      0x4f8 ..\obj\stm32f0xx_hal_rcc.o
                                0x559 (size before relaxing)
 .debug_str     0x000004f8      0x389 ..\obj\stm32f0xx_hal.o
                                0x574 (size before relaxing)
 .debug_str     0x00000881      0x7f1 ..\obj\stm32f0xx_hal_adc.o
                                0x9c5 (size before relaxing)
 .debug_str     0x00001072      0x6b7 ..\obj\stm32f0xx_hal_uart.o
                                0xb18 (size before relaxing)
 .debug_str     0x00001729       0x9e ..\obj\stm32f0xx_hal_msp_template.o
                                0x1c1 (size before relaxing)
 .debug_str     0x000017c7      0x384 ..\obj\main.o
                                0xee0 (size before relaxing)
 .debug_str     0x00001b4b       0x76 ..\obj\stm32f0xx_hal_adc_ex.o
                                0x68b (size before relaxing)
 .debug_str     0x00001bc1      0x175 ..\obj\stm32f0xx_hal_rcc_ex.o
                                0x4f4 (size before relaxing)
 .debug_str     0x00001d36      0x1f1 ..\obj\stm32f0xx_hal_cortex.o
                                0x5a2 (size before relaxing)
 .debug_str     0x00001f27       0x50 ..\obj\stm32f0xx_hal_msp.o
                                0x706 (size before relaxing)
 .debug_str     0x00001f77       0x95 ..\obj\system_stm32f0xx.o
                                0x235 (size before relaxing)
 .debug_str     0x0000200c       0xbd ..\obj\stm32f0xx_it.o
                                0x57e (size before relaxing)
 .debug_str     0x000020c9      0x673 ..\obj\stm32f0xx_hal_tim_ex.o
                                0xba4 (size before relaxing)
 .debug_str     0x0000273c      0xbd7 ..\obj\stm32f0xx_hal_tim.o
                               0x12f6 (size before relaxing)
 .debug_str     0x00003313      0x171 ..\obj\stm32f0xx_hal_gpio.o
                                0x3d8 (size before relaxing)

.comment        0x00000000       0x70
 .comment       0x00000000       0x70 ..\obj\stm32f0xx_hal_rcc.o
                                 0x71 (size before relaxing)
 .comment       0x00000000       0x71 ..\obj\stm32f0xx_hal.o
 .comment       0x00000000       0x71 ..\obj\stm32f0xx_hal_adc.o
 .comment       0x00000000       0x71 ..\obj\stm32f0xx_hal_uart.o
 .comment       0x00000000       0x71 ..\obj\stm32f0xx_hal_msp_template.o
 .comment       0x00000000       0x71 ..\obj\main.o
 .comment       0x00000000       0x71 ..\obj\stm32f0xx_hal_adc_ex.o
 .comment       0x00000000       0x71 ..\obj\stm32f0xx_hal_rcc_ex.o
 .comment       0x00000000       0x71 ..\obj\stm32f0xx_hal_cortex.o
 .comment       0x00000000       0x71 ..\obj\stm32f0xx_hal_msp.o
 .comment       0x00000000       0x71 ..\obj\system_stm32f0xx.o
 .comment       0x00000000       0x71 ..\obj\stm32f0xx_it.o
 .comment       0x00000000       0x71 ..\obj\stm32f0xx_hal_tim_ex.o
 .comment       0x00000000       0x71 ..\obj\stm32f0xx_hal_tim.o
 .comment       0x00000000       0x71 ..\obj\stm32f0xx_hal_gpio.o

.debug_frame    0x00000000     0x1ba0
 .debug_frame   0x00000000      0x10c ..\obj\stm32f0xx_hal_rcc.o
 .debug_frame   0x0000010c      0x144 ..\obj\stm32f0xx_hal.o
 .debug_frame   0x00000250      0x2d0 ..\obj\stm32f0xx_hal_adc.o
 .debug_frame   0x00000520      0x3b4 ..\obj\stm32f0xx_hal_uart.o
 .debug_frame   0x000008d4       0x50 ..\obj\stm32f0xx_hal_msp_template.o
 .debug_frame   0x00000924       0x48 ..\obj\main.o
 .debug_frame   0x0000096c       0x30 ..\obj\stm32f0xx_hal_adc_ex.o
 .debug_frame   0x0000099c       0xa0 ..\obj\stm32f0xx_hal_rcc_ex.o
 .debug_frame   0x00000a3c       0xe4 ..\obj\stm32f0xx_hal_cortex.o
 .debug_frame   0x00000b20       0x28 ..\obj\stm32f0xx_hal_msp.o
 .debug_frame   0x00000b48       0x3c ..\obj\system_stm32f0xx.o
 .debug_frame   0x00000b84       0x80 ..\obj\stm32f0xx_it.o
 .debug_frame   0x00000c04      0x390 ..\obj\stm32f0xx_hal_tim_ex.o
 .debug_frame   0x00000f94      0x904 ..\obj\stm32f0xx_hal_tim.o
 .debug_frame   0x00001898       0xc0 ..\obj\stm32f0xx_hal_gpio.o
 .debug_frame   0x00001958       0x20 c:/coocox/gccarmnoneeabi4_9/bin/../lib/gcc/arm-none-eabi/4.9.3/armv6-m\libgcc.a(_udivsi3.o)
 .debug_frame   0x00001978       0x3c c:/coocox/gccarmnoneeabi4_9/bin/../lib/gcc/arm-none-eabi/4.9.3/armv6-m\libgcc.a(mulsf3.o)
 .debug_frame   0x000019b4       0x30 c:/coocox/gccarmnoneeabi4_9/bin/../lib/gcc/arm-none-eabi/4.9.3/armv6-m\libgcc.a(subsf3.o)
 .debug_frame   0x000019e4       0x20 c:/coocox/gccarmnoneeabi4_9/bin/../lib/gcc/arm-none-eabi/4.9.3/armv6-m\libgcc.a(fixsfsi.o)
 .debug_frame   0x00001a04       0x2c c:/coocox/gccarmnoneeabi4_9/bin/../lib/gcc/arm-none-eabi/4.9.3/armv6-m\libgcc.a(floatsisf.o)
 .debug_frame   0x00001a30       0x3c c:/coocox/gccarmnoneeabi4_9/bin/../lib/gcc/arm-none-eabi/4.9.3/armv6-m\libgcc.a(muldf3.o)
 .debug_frame   0x00001a6c       0x28 c:/coocox/gccarmnoneeabi4_9/bin/../lib/gcc/arm-none-eabi/4.9.3/armv6-m\libgcc.a(floatunsidf.o)
 .debug_frame   0x00001a94       0x2c c:/coocox/gccarmnoneeabi4_9/bin/../lib/gcc/arm-none-eabi/4.9.3/armv6-m\libgcc.a(truncdfsf2.o)
 .debug_frame   0x00001ac0       0x40 c:/coocox/gccarmnoneeabi4_9/bin/../lib/gcc/arm-none-eabi/4.9.3/../../../../arm-none-eabi/lib/armv6-m\libg.a(lib_a-itoa.o)
 .debug_frame   0x00001b00       0x2c c:/coocox/gccarmnoneeabi4_9/bin/../lib/gcc/arm-none-eabi/4.9.3/../../../../arm-none-eabi/lib/armv6-m\libg.a(lib_a-strcat.o)
 .debug_frame   0x00001b2c       0x20 c:/coocox/gccarmnoneeabi4_9/bin/../lib/gcc/arm-none-eabi/4.9.3/../../../../arm-none-eabi/lib/armv6-m\libg.a(lib_a-strcpy.o)
 .debug_frame   0x00001b4c       0x54 c:/coocox/gccarmnoneeabi4_9/bin/../lib/gcc/arm-none-eabi/4.9.3/../../../../arm-none-eabi/lib/armv6-m\libg.a(lib_a-utoa.o)
